// Jest Snapshot v1, https://goo.gl/fbAQLP

exports[`Controls should match the snapshot 1`] = `
<div
  className="Controls"
>
  <button
    className="people-btn btns"
    name="people"
    onClick={[Function]}
    type="submit"
  >
    PEOPLE
  </button>
  <button
    className="planets-btn btns"
    name="planets"
    onClick={[Function]}
    type="submit"
  >
    PLANETS
  </button>
  <button
    className="vehicles-btn btns"
    name="vehicles"
    onClick={[Function]}
    type="submit"
  >
    VEHICLES
  </button>
  <button
    className="favorites-btn btns"
    name="favorites"
    onClick={[Function]}
    type="submit"
  >
    FAVORITES (0)
  </button>
</div>
`;
